Transcription swallowing debug and verbose messages


Reported by customer.  After KB3014136 is installed, Debug messages no longer show up in transcript.  I also see the Verbose is also not being captured.
PS C:\Users\slee> Start-Transcript .\trace.log
Transcript started, output file is .\trace.log
PS C:\Users\slee> Write-Verbose "verbose"
PS C:\Users\slee> Write-Debug "debug"
PS C:\Users\slee> Write-Host "host"
host
PS C:\Users\slee> Write-Output "output"
output
PS C:\Users\slee> Write-Warning "warning"
WARNING: warning
PS C:\Users\slee> Write-Error "error"
Write-Error "error" : error
    + CategoryInfo          : NotSpecified: (:) [Write-Error], WriteErrorException
    + FullyQualifiedErrorId : Microsoft.PowerShell.Commands.WriteErrorException

PS C:\Users\slee> Stop-Transcript
Transcript stopped, output file is C:\Users\slee\trace.log
PS C:\Users\slee> cat .\trace.log
**********************
Windows PowerShell transcript start
Start time: 20170414165126
Configuration Name:
Host Application:
Process ID: 7496
SerializationVersion: 1.1.0.1
PSEdition: Core
PSVersion: 6.0.0-alpha
PSRemotingProtocolVersion: 2.3
GitCommitId: v6.0.0-alpha.18
BuildVersion: 3.0.0.0
WSManStackVersion: 3.0
PSCompatibleVersions: 1.0, 2.0, 3.0, 4.0, 5.0, 5.1.10032.0, 6.0.0
**********************
Transcript started, output file is .\trace.log
PS C:\Users\slee> Write-Verbose "verbose"
PS C:\Users\slee> Write-Debug "debug"
PS C:\Users\slee> Write-Host "host"
host
PS C:\Users\slee> Write-Output "output"
output
PS C:\Users\slee> Write-Warning "warning"
WARNING: warning
PS C:\Users\slee> Write-Error "error"
Write-Error "error" : error
    + CategoryInfo          : NotSpecified: (:) [Write-Error], WriteErrorException
    + FullyQualifiedErrorId : Microsoft.PowerShell.Commands.WriteErrorException
Write-Error "error" : error
    + CategoryInfo          : NotSpecified: (:) [Write-Error], WriteErrorException
    + FullyQualifiedErrorId : Microsoft.PowerShell.Commands.WriteErrorException

PS C:\Users\slee> Stop-Transcript
**********************
Windows PowerShell transcript end
End time: 20170414165206
**********************
Expected:
Verbose and Debug messages to be in transcript
Actual:
Verbose and Debug are missing (also not output to host)
